<mission_data version="1.0">
  <start>
    <set_variable name="Respawn_Player_Time" value="60.0"/>
    <set_variable name="Artemis" value="1.0"/>
    <set_relative_position name2="Artemis" distance="30100" angle="180" name1="_"/>
    <set_variable name="Intrepid" value="1.0"/>
    <set_relative_position name2="Intrepid" distance="30100" angle="0" name1="_"/>
    <set_variable name="Aegis" value="1.0"/>
    <set_relative_position name2="Aegis" distance="30100" angle="90" name1="_"/>
    <set_variable name="Horatio" value="1.0"/>
    <set_relative_position name2="Horatio" distance="30100" angle="270" name1="_"/>
    <set_variable name="Excalibur" value="1.0"/>
    <set_relative_position name2="Excalibur" distance="30100" angle="45" name1="_"/>
    <set_variable name="Hera" value="1.0"/>
    <set_relative_position name2="Hera" distance="30100" angle="135" name1="_"/>
    <set_variable name="Ceres" value="1.0"/>
    <set_relative_position name2="Ceres" distance="30100" angle="225" name1="_"/>
    <set_variable name="Diana" value="1.0"/>
    <set_relative_position name2="Diana" distance="30100" angle="315" name1="_"/>
  </start>
  <event name="Artemis Destroyed">
    <if_not_exists name="Artemis"/>
    <if_variable name="Artemis" comparator="EQUALS" value="1.0"/>
    <set_timer name="Artemis" seconds="Respawn_Player_Time"/>
    <set_variable name="Artemis" value="2.0"/>
    <set_variable name="Artemis_Shield_Drain" value="0.0"/>
    <set_variable name="Artemis_Overload_Torpedo" value="0.0"/>
    <set_variable name="Artemis_Overheat" value="0.0"/>
    <set_variable name="Artemis_Scramble_Nav" value="0.0"/>
    <set_variable name="Artemis_Infection" value="0"/>
    <set_variable name="Artemis_Check_Health" value="0.0"/>
    <clear_comms_button text="Artemis Rotate Shield Frequencies Program"/>
    <clear_comms_button text="Artemis Safe Torpedoes Program"/>
    <clear_comms_button text="Artemis Reset Coolant Protocols Program"/>
    <clear_comms_button text="Artemis Reboot Thruster Algorithms Program"/>
    <clear_comms_button text="Artemis Choose Cyber Defense Program"/>
    <warning_popup_message message="Artemis Died. Artemis will respawn in |Respawn_Player_Time| seconds" consoles="MHWESCO"/>
  </event>
  <event name="Artemis Respawn">
    <if_variable name="Artemis" comparator="EQUALS" value="2.0"/>
    <if_timer_finished name="Artemis"/>
    <if_variable name="Artemis_here" comparator="EQUALS" value="1.0"/>
    <create type="player" player_slot="0" x="50000.0" y="10.0" z="95000.0" name="Artemis" sideValue="10" raceKeys="Pirate" hullKeys="Strongbow" warp="no"/>
    <set_relative_position name2="Artemis" distance="30100" angle="180" name1="_"/>
    <set_variable name="Artemis" value="1.0"/>
    <set_object_property property="pirateRepWithStations" value="1.0" name="Artemis"/>
  </event>
  <event name="Intrepid Destroyed">
    <if_not_exists name="Intrepid"/>
    <if_variable name="Intrepid" comparator="EQUALS" value="1.0"/>
    <set_timer name="Intrepid" seconds="Respawn_Player_Time"/>
    <set_variable name="Intrepid" value="2.0"/>
    <set_variable name="Intrepid_Shield_Drain" value="0.0"/>
    <set_variable name="Intrepid_Overload_Torpedo" value="0.0"/>
    <set_variable name="Intrepid_Overheat" value="0.0"/>
    <set_variable name="Intrepid_Scramble_Nav" value="0.0"/>
    <set_variable name="Intrepid_Infection" value="0"/>
    <set_variable name="Intrepid_Check_Health" value="0.0"/>
    <clear_comms_button text="Intrepid Rotate Shield Frequencies Program"/>
    <clear_comms_button text="Intrepid Safe Torpedoes Program"/>
    <clear_comms_button text="Intrepid Reset Coolant Protocols Program"/>
    <clear_comms_button text="Intrepid Reboot Thruster Algorithms Program"/>
    <clear_comms_button text="Intrepid Choose Cyber Defense Program"/>
    <warning_popup_message message="Intrepid Died. Intrepid will respawn in |Respawn_Player_Time| seconds" consoles="MHWESCO"/>
  </event>
  <event name="Intrepid Respawn">
    <if_variable name="Intrepid" comparator="EQUALS" value="2.0"/>
    <if_timer_finished name="Intrepid"/>
    <if_variable name="Intrepid_here" comparator="EQUALS" value="1.0"/>
    <create type="player" player_slot="1" x="95000.0" y="10.0" z="5000.0" name="Intrepid" sideValue="11" raceKeys="Pirate" hullKeys="Strongbow" warp="no"/>
    <set_relative_position name2="Intrepid" distance="30100" angle="0" name1="_"/>
    <set_variable name="Intrepid" value="1.0"/>
    <set_object_property property="pirateRepWithStations" value="1.0" name="Intrepid"/>
  </event>
  <event name="Aegis Destroyed">
    <if_not_exists name="Aegis"/>
    <if_variable name="Aegis" comparator="EQUALS" value="1.0"/>
    <set_timer name="Aegis" seconds="Respawn_Player_Time"/>
    <set_variable name="Aegis" value="2.0"/>
    <set_variable name="Aegis_Shield_Drain" value="0.0"/>
    <set_variable name="Aegis_Overload_Torpedo" value="0.0"/>
    <set_variable name="Aegis_Overheat" value="0.0"/>
    <set_variable name="Aegis_Scramble_Nav" value="0.0"/>
    <set_variable name="Aegis_Infection" value="0"/>
    <set_variable name="Aegis_Check_Health" value="0.0"/>
    <clear_comms_button text="Aegis Rotate Shield Frequencies Program"/>
    <clear_comms_button text="Aegis Safe Torpedoes Program"/>
    <clear_comms_button text="Aegis Reset Coolant Protocols Program"/>
    <clear_comms_button text="Aegis Reboot Thruster Algorithms Program"/>
    <clear_comms_button text="Aegis Choose Cyber Defense Program"/>
    <warning_popup_message message="Aegis Died. Aegis will respawn in |Respawn_Player_Time| seconds" consoles="MHWESCO"/>
  </event>
  <event name="Aegis Respawn">
    <if_variable name="Aegis" comparator="EQUALS" value="2.0"/>
    <if_timer_finished name="Aegis"/>
    <if_variable name="Aegis_here" comparator="EQUALS" value="1.0"/>
    <create type="player" player_slot="2" x="95000.0" y="10.0" z="95000.0" name="Aegis" sideValue="4" raceKeys="Pirate" hullKeys="Strongbow" warp="no"/>
    <set_relative_position name2="Aegis" distance="30100" angle="90" name1="_"/>
    <set_variable name="Aegis" value="1.0"/>
    <set_object_property property="pirateRepWithStations" value="1.0" name="Aegis"/>
  </event>
  <event name="Horatio Destroyed">
    <if_not_exists name="Horatio"/>
    <if_variable name="Horatio" comparator="EQUALS" value="1.0"/>
    <set_timer name="Horatio" seconds="Respawn_Player_Time"/>
    <set_variable name="Horatio" value="2.0"/>
    <set_variable name="Horatio_Shield_Drain" value="0.0"/>
    <set_variable name="Horatio_Overload_Torpedo" value="0.0"/>
    <set_variable name="Horatio_Overheat" value="0.0"/>
    <set_variable name="Horatio_Scramble_Nav" value="0.0"/>
    <set_variable name="Horatio_Infection" value="0"/>
    <set_variable name="Horatio_Check_Health" value="0.0"/>
    <clear_comms_button text="Horatio Rotate Shield Frequencies Program"/>
    <clear_comms_button text="Horatio Safe Torpedoes Program"/>
    <clear_comms_button text="Horatio Reset Coolant Protocols Program"/>
    <clear_comms_button text="Horatio Reboot Thruster Algorithms Program"/>
    <clear_comms_button text="Horatio Choose Cyber Defense Program"/>
    <warning_popup_message message="Horatio Died. Horatio will respawn in |Respawn_Player_Time| seconds" consoles="MHWESCO"/>
  </event>
  <event name="Horatio Respawn">
    <if_variable name="Horatio" comparator="EQUALS" value="2.0"/>
    <if_timer_finished name="Horatio"/>
    <if_variable name="Horatio_here" comparator="EQUALS" value="1.0"/>
    <create type="player" player_slot="3" x="5000.0" y="10.0" z="5000.0" name="Horatio" sideValue="5" raceKeys="Pirate" hullKeys="Strongbow" warp="no"/>
    <set_relative_position name2="Horatio" distance="30100" angle="270" name1="_"/>
    <set_variable name="Horatio" value="1.0"/>
    <set_object_property property="pirateRepWithStations" value="1.0" name="Horatio"/>
  </event>
  <event name="Excalibur Destroyed">
    <if_not_exists name="Excalibur"/>
    <if_variable name="Excalibur" comparator="EQUALS" value="1.0"/>
    <set_timer name="Excalibur" seconds="Respawn_Player_Time"/>
    <set_variable name="Excalibur" value="2.0"/>
    <set_variable name="Excalibur_Shield_Drain" value="0.0"/>
    <set_variable name="Excalibur_Overload_Torpedo" value="0.0"/>
    <set_variable name="Excalibur_Overheat" value="0.0"/>
    <set_variable name="Excalibur_Scramble_Nav" value="0.0"/>
    <set_variable name="Excalibur_Infection" value="0"/>
    <set_variable name="Excalibur_Check_Health" value="0.0"/>
    <clear_comms_button text="Excalibur Rotate Shield Frequencies Program"/>
    <clear_comms_button text="Excalibur Safe Torpedoes Program"/>
    <clear_comms_button text="Excalibur Reset Coolant Protocols Program"/>
    <clear_comms_button text="Excalibur Reboot Thruster Algorithms Program"/>
    <clear_comms_button text="Excalibur Choose Cyber Defense Program"/>
    <warning_popup_message message="Excalibur Died. Excalibur will respawn in |Respawn_Player_Time| seconds" consoles="MHWESCO"/>
  </event>
  <event name="Excalibur Respawn">
    <if_variable name="Excalibur" comparator="EQUALS" value="2.0"/>
    <if_timer_finished name="Excalibur"/>
    <if_variable name="Excalibur_here" comparator="EQUALS" value="1.0"/>
    <create type="player" player_slot="4" x="5000.0" y="10.0" z="95000.0" name="Excalibur" sideValue="6" raceKeys="Pirate" hullKeys="Strongbow" warp="no"/>
    <set_relative_position name2="Excalibur" distance="30100" angle="45" name1="_"/>
    <set_variable name="Excalibur" value="1.0"/>
    <set_object_property property="pirateRepWithStations" value="1.0" name="Excalibur"/>
  </event>
  <event name="Hera Destroyed">
    <if_not_exists name="Hera"/>
    <if_variable name="Hera" comparator="EQUALS" value="1.0"/>
    <set_timer name="Hera" seconds="Respawn_Player_Time"/>
    <set_variable name="Hera" value="2.0"/>
    <set_variable name="Hera_Shield_Drain" value="0.0"/>
    <set_variable name="Hera_Overload_Torpedo" value="0.0"/>
    <set_variable name="Hera_Overheat" value="0.0"/>
    <set_variable name="Hera_Scramble_Nav" value="0.0"/>
    <set_variable name="Hera_Infection" value="0"/>
    <set_variable name="Hera_Check_Health" value="0.0"/>
    <clear_comms_button text="Hera Rotate Shield Frequencies Program"/>
    <clear_comms_button text="Hera Safe Torpedoes Program"/>
    <clear_comms_button text="Hera Reset Coolant Protocols Program"/>
    <clear_comms_button text="Hera Reboot Thruster Algorithms Program"/>
    <clear_comms_button text="Hera Choose Cyber Defense Program"/>
    <warning_popup_message message="Hera Died. Hera will respawn in |Respawn_Player_Time| seconds" consoles="MHWESCO"/>
  </event>
  <event name="Hera Respawn">
    <if_variable name="Hera" comparator="EQUALS" value="2.0"/>
    <if_timer_finished name="Hera"/>
    <if_variable name="Hera_here" comparator="EQUALS" value="1.0"/>
    <create type="player" player_slot="5" x="50000.0" y="10.0" z="5000.0" name="Hera" sideValue="7" raceKeys="Pirate" hullKeys="Strongbow" warp="no"/>
    <set_relative_position name2="Hera" distance="30100" angle="135" name1="_"/>
    <set_variable name="Hera" value="1.0"/>
    <set_object_property property="pirateRepWithStations" value="1.0" name="Hera"/>
  </event>
  <event name="Ceres Destroyed">
    <if_not_exists name="Ceres"/>
    <if_variable name="Ceres" comparator="EQUALS" value="1.0"/>
    <set_timer name="Ceres" seconds="Respawn_Player_Time"/>
    <set_variable name="Ceres" value="2.0"/>
    <set_variable name="Ceres_Shield_Drain" value="0.0"/>
    <set_variable name="Ceres_Overload_Torpedo" value="0.0"/>
    <set_variable name="Ceres_Overheat" value="0.0"/>
    <set_variable name="Ceres_Scramble_Nav" value="0.0"/>
    <set_variable name="Ceres_Infection" value="0"/>
    <set_variable name="Ceres_Check_Health" value="0.0"/>
    <clear_comms_button text="Ceres Rotate Shield Frequencies Program"/>
    <clear_comms_button text="Ceres Safe Torpedoes Program"/>
    <clear_comms_button text="Ceres Reset Coolant Protocols Program"/>
    <clear_comms_button text="Ceres Reboot Thruster Algorithms Program"/>
    <clear_comms_button text="Ceres Choose Cyber Defense Program"/>
    <warning_popup_message message="Ceres Died. Ceres will respawn in |Respawn_Player_Time| seconds" consoles="MHWESCO"/>
  </event>
  <event name="Ceres Respawn">
    <if_variable name="Ceres" comparator="EQUALS" value="2.0"/>
    <if_timer_finished name="Ceres"/>
    <if_variable name="Ceres_here" comparator="EQUALS" value="1.0"/>
    <create type="player" player_slot="6" x="5000.0" y="10.0" z="50000.0" name="Ceres" sideValue="8" raceKeys="Pirate" hullKeys="Strongbow" warp="no"/>
    <set_relative_position name2="Ceres" distance="30100" angle="225" name1="_"/>
    <set_variable name="Ceres" value="1.0"/>
    <set_object_property property="pirateRepWithStations" value="1.0" name="Ceres"/>
  </event>
  <event name="Diana Destroyed">
    <if_not_exists name="Diana"/>
    <if_variable name="Diana" comparator="EQUALS" value="1.0"/>
    <set_timer name="Diana" seconds="Respawn_Player_Time"/>
    <set_variable name="Diana" value="2.0"/>
    <set_variable name="Diana_Shield_Drain" value="0.0"/>
    <set_variable name="Diana_Overload_Torpedo" value="0.0"/>
    <set_variable name="Diana_Overheat" value="0.0"/>
    <set_variable name="Diana_Scramble_Nav" value="0.0"/>
    <set_variable name="Diana_Infection" value="0"/>
    <set_variable name="Diana_Check_Health" value="0.0"/>
    <clear_comms_button text="Diana Rotate Shield Frequencies Program"/>
    <clear_comms_button text="Diana Safe Torpedoes Program"/>
    <clear_comms_button text="Diana Reset Coolant Protocols Program"/>
    <clear_comms_button text="Diana Reboot Thruster Algorithms Program"/>
    <clear_comms_button text="Diana Choose Cyber Defense Program"/>
    <warning_popup_message message="Diana Died. Diana will respawn in |Respawn_Player_Time| seconds" consoles="MHWESCO"/>
  </event>
  <event name="Diana Respawn">
    <if_variable name="Diana" comparator="EQUALS" value="2.0"/>
    <if_timer_finished name="Diana"/>
    <if_variable name="Diana_here" comparator="EQUALS" value="1.0"/>
    <create type="player" player_slot="7" x="95000.0" y="10.0" z="50000.0" name="Diana" sideValue="9" raceKeys="Pirate" hullKeys="Strongbow" warp="no"/>
    <set_relative_position name2="Diana" distance="30100" angle="315" name1="_"/>
    <set_variable name="Diana" value="1.0"/>
    <set_object_property property="pirateRepWithStations" value="1.0" name="Diana"/>
  </event>
</mission_data>