<mission_data version="1.0">
  <start>
    <set_variable name="Wreck[1]" value="1.0"/>
    <set_variable name="Wreck[2]" value="1.0"/>
    <set_variable name="Wreck[3]" value="1.0"/>
    <set_variable name="Wreck[4]" value="1.0"/>
    <set_variable name="Wreck[5]" value="1.0"/>
    <set_variable name="Wreck[6]" value="1.0"/>
    <set_variable name="Wreck[7]" value="1.0"/>
    <set_variable name="Wreck[8]" value="1.0"/>
    <set_variable name="Respawn_Wreck_Time" value="50.0"/>
  </start>
  <event name="Wreck[1] Destroyed">
    <if_not_exists name="Wreck[1]"/>
    <if_variable name="Wreck[1]" comparator="EQUALS" value="1.0"/>
    <set_timer name="Wreck[1]" seconds="Respawn_Wreck_Time"/>
    <set_variable name="Wreck[1]" value="2.0"/>
  </event>
  <event name="Wreck[1] Respawn">
    <if_variable name="Wreck[1]" comparator="EQUALS" value="2.0"/>
    <if_timer_finished name="Wreck[1]"/>
    <create type="monster" monsterType="8" x="48000.0" y="10.0" z="48000.0" name="Wreck[1]"/>
    <set_variable name="Wreck[1]" value="1.0"/>
    <add_ai type="RELEASE_PIRANHAS" value1="0" value2="5000" value3="8" value4="1" name="Wreck[1]"/>
  </event>
  <event name="Wreck[2] Destroyed">
    <if_not_exists name="Wreck[2]"/>
    <if_variable name="Wreck[2]" comparator="EQUALS" value="1.0"/>
    <set_timer name="Wreck[2]" seconds="Respawn_Wreck_Time"/>
    <set_variable name="Wreck[2]" value="2.0"/>
  </event>
  <event name="Wreck[2] Respawn">
    <if_variable name="Wreck[2]" comparator="EQUALS" value="2.0"/>
    <if_timer_finished name="Wreck[2]"/>
    <create type="monster" monsterType="8" x="52000.0" y="10.0" z="52000.0" name="Wreck[2]"/>
    <set_variable name="Wreck[2]" value="1.0"/>
    <add_ai type="RELEASE_PIRANHAS" value1="0" value2="5000" value3="8" value4="1" name="Wreck[2]"/>
  </event>
  <event name="Wreck[3] Destroyed">
    <if_not_exists name="Wreck[3]"/>
    <if_variable name="Wreck[3]" comparator="EQUALS" value="1.0"/>
    <set_timer name="Wreck[3]" seconds="Respawn_Wreck_Time"/>
    <set_variable name="Wreck[3]" value="2.0"/>
  </event>
  <event name="Wreck[3] Respawn">
    <if_variable name="Wreck[3]" comparator="EQUALS" value="2.0"/>
    <if_timer_finished name="Wreck[3]"/>
    <create type="monster" monsterType="8" x="52000.0" y="10.0" z="48000.0" name="Wreck[3]"/>
    <set_variable name="Wreck[3]" value="1.0"/>
    <add_ai type="RELEASE_PIRANHAS" value1="0" value2="5000" value3="8" value4="1" name="Wreck[3]"/>
  </event>
  <event name="Wreck[4] Destroyed">
    <if_not_exists name="Wreck[4]"/>
    <if_variable name="Wreck[4]" comparator="EQUALS" value="1.0"/>
    <set_timer name="Wreck[4]" seconds="Respawn_Wreck_Time"/>
    <set_variable name="Wreck[4]" value="2.0"/>
  </event>
  <event name="Wreck[4] Respawn">
    <if_variable name="Wreck[4]" comparator="EQUALS" value="2.0"/>
    <if_timer_finished name="Wreck[4]"/>
    <create type="monster" monsterType="8" x="48000.0" y="10.0" z="52000.0" name="Wreck[4]"/>
    <set_variable name="Wreck[4]" value="1.0"/>
    <add_ai type="RELEASE_PIRANHAS" value1="0" value2="5000" value3="8" value4="1" name="Wreck[4]"/>
  </event>
  <event name="Wreck[5] Destroyed">
    <if_not_exists name="Wreck[5]"/>
    <if_variable name="Wreck[5]" comparator="EQUALS" value="1.0"/>
    <set_timer name="Wreck[5]" seconds="Respawn_Wreck_Time"/>
    <set_variable name="Wreck[5]" value="2.0"/>
  </event>
  <event name="Wreck[5] Respawn">
    <if_variable name="Wreck[5]" comparator="EQUALS" value="2.0"/>
    <if_timer_finished name="Wreck[5]"/>
    <create type="monster" monsterType="8" x="48000.0" y="10.0" z="50000.0" name="Wreck[5]"/>
    <set_variable name="Wreck[5]" value="1.0"/>
    <add_ai type="RELEASE_PIRANHAS" value1="0" value2="5000" value3="8" value4="1" name="Wreck[5]"/>
  </event>
  <event name="Wreck[6] Destroyed">
    <if_not_exists name="Wreck[6]"/>
    <if_variable name="Wreck[6]" comparator="EQUALS" value="1.0"/>
    <set_timer name="Wreck[6]" seconds="Respawn_Wreck_Time"/>
    <set_variable name="Wreck[6]" value="2.0"/>
  </event>
  <event name="Wreck[6] Respawn">
    <if_variable name="Wreck[6]" comparator="EQUALS" value="2.0"/>
    <if_timer_finished name="Wreck[6]"/>
    <create type="monster" monsterType="8" x="52000.0" y="10.0" z="50000.0" name="Wreck[6]"/>
    <set_variable name="Wreck[6]" value="1.0"/>
    <add_ai type="RELEASE_PIRANHAS" value1="0" value2="5000" value3="8" value4="1" name="Wreck[6]"/>
  </event>
  <event name="Wreck[7] Destroyed">
    <if_not_exists name="Wreck[7]"/>
    <if_variable name="Wreck[7]" comparator="EQUALS" value="1.0"/>
    <set_timer name="Wreck[7]" seconds="Respawn_Wreck_Time"/>
    <set_variable name="Wreck[7]" value="2.0"/>
  </event>
  <event name="Wreck[7] Respawn">
    <if_variable name="Wreck[7]" comparator="EQUALS" value="2.0"/>
    <if_timer_finished name="Wreck[7]"/>
    <create type="monster" monsterType="8" x="50000.0" y="10.0" z="52000.0" name="Wreck[7]"/>
    <set_variable name="Wreck[7]" value="1.0"/>
    <add_ai type="RELEASE_PIRANHAS" value1="0" value2="5000" value3="8" value4="1" name="Wreck[7]"/>
  </event>
  <event name="Wreck[8] Destroyed">
    <if_not_exists name="Wreck[8]"/>
    <if_variable name="Wreck[8]" comparator="EQUALS" value="1.0"/>
    <set_timer name="Wreck[8]" seconds="Respawn_Wreck_Time"/>
    <set_variable name="Wreck[8]" value="2.0"/>
  </event>
  <event name="Wreck[8] Respawn">
    <if_variable name="Wreck[8]" comparator="EQUALS" value="2.0"/>
    <if_timer_finished name="Wreck[8]"/>
    <create type="monster" monsterType="8" x="50000.0" y="10.0" z="48000.0" name="Wreck[8]"/>
    <set_variable name="Wreck[8]" value="1.0"/>
    <add_ai type="RELEASE_PIRANHAS" value1="0" value2="5000" value3="8" value4="1" name="Wreck[8]"/>
  </event>
</mission_data>