<mission_data version="1.0">
  <start>
    <set_variable name="Anomaly[1]" value="1.0"/>
    <set_variable name="Anomaly[2]" value="1.0"/>
    <set_variable name="Anomaly[3]" value="1.0"/>
    <set_variable name="Anomaly[4]" value="1.0"/>
    <set_variable name="Anomaly[5]" value="1.0"/>
    <set_variable name="Anomaly[6]" value="1.0"/>
    <set_variable name="Anomaly[7]" value="1.0"/>
    <set_variable name="Anomaly[8]" value="1.0"/>
    <set_variable name="Respawn_Anomaly_Time" value="90.0"/>
  </start>
  <event name="Anomaly[1] Destroyed">
    <if_not_exists name="A1"/>
    <if_variable name="Anomaly[1]" comparator="EQUALS" value="1.0"/>
    <set_timer name="Anomaly[1]" seconds="Respawn_Anomaly_Time"/>
    <set_variable name="Anomaly[1]" value="2.0"/>
  </event>
  <event name="Anomaly[1] Respawn">
    <if_variable name="Anomaly[1]" comparator="EQUALS" value="2.0"/>
    <if_timer_finished name="Anomaly[1]"/>
    <create type="Anomaly" pickupType="5" x="95000.0" y="1.0" z="95000.0" name="A1"/>
    <set_relative_position name2="A1" distance="39000" angle="90" name1="."/>
    <set_variable name="Anomaly[1]" value="1.0"/>
  </event>
  <event name="Anomaly[2] Destroyed">
    <if_not_exists name="A2"/>
    <if_variable name="Anomaly[2]" comparator="EQUALS" value="1.0"/>
    <set_timer name="Anomaly[2]" seconds="Respawn_Anomaly_Time"/>
    <set_variable name="Anomaly[2]" value="2.0"/>
  </event>
  <event name="Anomaly[2] Respawn">
    <if_variable name="Anomaly[2]" comparator="EQUALS" value="2.0"/>
    <if_timer_finished name="Anomaly[2]"/>
    <create type="Anomaly" pickupType="5" x="95000.0" y="2.0" z="95000.0" name="A2"/>
    <set_relative_position name2="A2" distance="39000" angle="180" name1="."/>
    <set_variable name="Anomaly[2]" value="1.0"/>
  </event>
  <event name="Anomaly[3] Destroyed">
    <if_not_exists name="A3"/>
    <if_variable name="Anomaly[3]" comparator="EQUALS" value="1.0"/>
    <set_timer name="Anomaly[3]" seconds="Respawn_Anomaly_Time"/>
    <set_variable name="Anomaly[3]" value="2.0"/>
  </event>
  <event name="Anomaly[3] Respawn">
    <if_variable name="Anomaly[3]" comparator="EQUALS" value="2.0"/>
    <if_timer_finished name="Anomaly[3]"/>
    <create type="Anomaly" pickupType="4" x="95000.0" y="2.0" z="95000.0" name="A3"/>
    <set_relative_position name2="A3" distance="39000" angle="270" name1="."/>
    <set_variable name="Anomaly[3]" value="1.0"/>
  </event>
  <event name="Anomaly[4] Destroyed">
    <if_not_exists name="A4"/>
    <if_variable name="Anomaly[4]" comparator="EQUALS" value="1.0"/>
    <set_timer name="Anomaly[4]" seconds="Respawn_Anomaly_Time"/>
    <set_variable name="Anomaly[4]" value="2.0"/>
  </event>
  <event name="Anomaly[4] Respawn">
    <if_variable name="Anomaly[4]" comparator="EQUALS" value="2.0"/>
    <if_timer_finished name="Anomaly[4]"/>
    <create type="Anomaly" pickupType="4" x="95000.0" y="4.0" z="95000.0" name="A4"/>
    <set_relative_position name2="A4" distance="39000" angle="0" name1="."/>
    <set_variable name="Anomaly[4]" value="1.0"/>
  </event>
  <event name="Anomaly[5] Destroyed">
    <if_not_exists name="A5"/>
    <if_variable name="Anomaly[5]" comparator="EQUALS" value="1.0"/>
    <set_timer name="Anomaly[5]" seconds="Respawn_Anomaly_Time"/>
    <set_variable name="Anomaly[5]" value="2.0"/>
  </event>
  <event name="Anomaly[5] Respawn">
    <if_variable name="Anomaly[5]" comparator="EQUALS" value="2.0"/>
    <if_timer_finished name="Anomaly[5]"/>
    <create type="Anomaly" pickupType="6" x="95000.0" y="5.0" z="95000.0" name="A5"/>
    <set_relative_position name2="A5" distance="39000" angle="45" name1="."/>
    <set_variable name="Anomaly[5]" value="1.0"/>
  </event>
  <event name="Anomaly[6] Destroyed">
    <if_not_exists name="A6"/>
    <if_variable name="Anomaly[6]" comparator="EQUALS" value="1.0"/>
    <set_timer name="Anomaly[6]" seconds="Respawn_Anomaly_Time"/>
    <set_variable name="Anomaly[6]" value="2.0"/>
  </event>
  <event name="Anomaly[6] Respawn">
    <if_variable name="Anomaly[6]" comparator="EQUALS" value="2.0"/>
    <if_timer_finished name="Anomaly[6]"/>
    <create type="Anomaly" pickupType="6" x="95000.0" y="6.0" z="95000.0" name="A6"/>
    <set_relative_position name2="A6" distance="39000" angle="225" name1="."/>
    <set_variable name="Anomaly[6]" value="1.0"/>
  </event>
  <event name="Anomaly[7] Destroyed">
    <if_not_exists name="A7"/>
    <if_variable name="Anomaly[7]" comparator="EQUALS" value="1.0"/>
    <set_timer name="Anomaly[7]" seconds="Respawn_Anomaly_Time"/>
    <set_variable name="Anomaly[7]" value="2.0"/>
  </event>
  <event name="Anomaly[7] Respawn">
    <if_variable name="Anomaly[7]" comparator="EQUALS" value="2.0"/>
    <if_timer_finished name="Anomaly[7]"/>
    <create type="Anomaly" pickupType="1" x="95000.0" y="7.0" z="95000.0" name="A7"/>
    <set_relative_position name2="A7" distance="39000" angle="135" name1="."/>
    <set_variable name="Anomaly[7]" value="1.0"/>
  </event>
  <event name="Anomaly[8] Destroyed">
    <if_not_exists name="A8"/>
    <if_variable name="Anomaly[8]" comparator="EQUALS" value="1.0"/>
    <set_timer name="Anomaly[8]" seconds="Respawn_Anomaly_Time"/>
    <set_variable name="Anomaly[8]" value="2.0"/>
  </event>
  <event name="Anomaly[8] Respawn">
    <if_variable name="Anomaly[8]" comparator="EQUALS" value="2.0"/>
    <if_timer_finished name="Anomaly[8]"/>
    <create type="Anomaly" pickupType="6" x="95000.0" y="8.0" z="95000.0" name="A8"/>
    <set_relative_position name2="A8" distance="39000" angle="315" name1="."/>
    <set_variable name="Anomaly[8]" value="1.0"/>
  </event>
</mission_data>