<mission_data>
  <event name="Hunter[1] Surrendered">
    <if_variable name="Hunter[1]_surrendered" comparator="EQUALS" value="0"/>
    <if_object_property property="hasSurrendered" name="Hunter[1]" comparator="EQUALS" value="1"/>
    <set_variable name="Hunter[1]_surrendered" value="1"/>
    <set_object_property property="topSpeed" value="0.2" name="Hunter[1]"/>
    <set_variable name="Tonnage" value="Tonnage+40+20"/>
    <big_message title="Enemy  surrendered" subtitle1="40 kilotons" subtitle2="+20 kt surrender bonus"/>
    <set_variable name="report_score" value="1"/>
    <set_timer name="report_timer" seconds="8"/>
    <log text="Enemy  Hunter[1] Surrendered"/>
  </event>
  <event name="Hunter[1] Destroyed">
    <if_variable name="Hunter[1]_surrendered" comparator="EQUALS" value="0"/>
    <if_variable name="Hunter[1]_dead" comparator="EQUALS" value="0"/>
    <if_not_exists name="Hunter[1]"/>
    <set_variable name="Hunter[1]_dead" value="1"/>
    <set_variable name="report_score" value="1"/>
    <set_timer name="report_timer" seconds="8"/>
    <set_variable name="Tonnage" value="Tonnage+40"/>
    <big_message title="Enemy  Hunter[1] destroyed" subtitle1="40 kilotons"/>
    <set_variable name="report_score" value="1"/>
    <set_timer name="report_timer" seconds="8"/>
    <log text="Enemy  Hunter[1] destroyed"/>
  </event>
  <event name="Hunter[2] Surrendered">
    <if_variable name="Hunter[2]_surrendered" comparator="EQUALS" value="0"/>
    <if_object_property property="hasSurrendered" name="Hunter[2]" comparator="EQUALS" value="1"/>
    <set_variable name="Hunter[2]_surrendered" value="1"/>
    <set_object_property property="topSpeed" value="0.2" name="Hunter[2]"/>
    <set_variable name="Tonnage" value="Tonnage+40+20"/>
    <big_message title="Enemy  surrendered" subtitle1="40 kilotons" subtitle2="+20 kt surrender bonus"/>
    <set_variable name="report_score" value="1"/>
    <set_timer name="report_timer" seconds="8"/>
    <log text="Enemy  Hunter[2] Surrendered"/>
  </event>
  <event name="Hunter[2] Destroyed">
    <if_variable name="Hunter[2]_surrendered" comparator="EQUALS" value="0"/>
    <if_variable name="Hunter[2]_dead" comparator="EQUALS" value="0"/>
    <if_not_exists name="Hunter[2]"/>
    <set_variable name="Hunter[2]_dead" value="1"/>
    <set_variable name="report_score" value="1"/>
    <set_timer name="report_timer" seconds="8"/>
    <set_variable name="Tonnage" value="Tonnage+40"/>
    <big_message title="Enemy  Hunter[2] destroyed" subtitle1="40 kilotons"/>
    <set_variable name="report_score" value="1"/>
    <set_timer name="report_timer" seconds="8"/>
    <log text="Enemy  Hunter[2] destroyed"/>
  </event>
  <event name="Hunter[3] Surrendered">
    <if_variable name="Hunter[3]_surrendered" comparator="EQUALS" value="0"/>
    <if_object_property property="hasSurrendered" name="Hunter[3]" comparator="EQUALS" value="1"/>
    <set_variable name="Hunter[3]_surrendered" value="1"/>
    <set_object_property property="topSpeed" value="0.2" name="Hunter[3]"/>
    <set_variable name="Tonnage" value="Tonnage+40+20"/>
    <big_message title="Enemy  surrendered" subtitle1="40 kilotons" subtitle2="+20 kt surrender bonus"/>
    <set_variable name="report_score" value="1"/>
    <set_timer name="report_timer" seconds="8"/>
    <log text="Enemy  Hunter[3] Surrendered"/>
  </event>
  <event name="Hunter[3] Destroyed">
    <if_variable name="Hunter[3]_surrendered" comparator="EQUALS" value="0"/>
    <if_variable name="Hunter[3]_dead" comparator="EQUALS" value="0"/>
    <if_not_exists name="Hunter[3]"/>
    <set_variable name="Hunter[3]_dead" value="1"/>
    <set_variable name="report_score" value="1"/>
    <set_timer name="report_timer" seconds="8"/>
    <set_variable name="Tonnage" value="Tonnage+40"/>
    <big_message title="Enemy  Hunter[3] destroyed" subtitle1="40 kilotons"/>
    <set_variable name="report_score" value="1"/>
    <set_timer name="report_timer" seconds="8"/>
    <log text="Enemy  Hunter[3] destroyed"/>
  </event>
  <event name="Hunter[4] Surrendered">
    <if_variable name="Hunter[4]_surrendered" comparator="EQUALS" value="0"/>
    <if_object_property property="hasSurrendered" name="Hunter[4]" comparator="EQUALS" value="1"/>
    <set_variable name="Hunter[4]_surrendered" value="1"/>
    <set_object_property property="topSpeed" value="0.2" name="Hunter[4]"/>
    <set_variable name="Tonnage" value="Tonnage+40+20"/>
    <big_message title="Enemy  surrendered" subtitle1="40 kilotons" subtitle2="+20 kt surrender bonus"/>
    <set_variable name="report_score" value="1"/>
    <set_timer name="report_timer" seconds="8"/>
    <log text="Enemy  Hunter[4] Surrendered"/>
  </event>
  <event name="Hunter[4] Destroyed">
    <if_variable name="Hunter[4]_surrendered" comparator="EQUALS" value="0"/>
    <if_variable name="Hunter[4]_dead" comparator="EQUALS" value="0"/>
    <if_not_exists name="Hunter[4]"/>
    <set_variable name="Hunter[4]_dead" value="1"/>
    <set_variable name="report_score" value="1"/>
    <set_timer name="report_timer" seconds="8"/>
    <set_variable name="Tonnage" value="Tonnage+40"/>
    <big_message title="Enemy  Hunter[4] destroyed" subtitle1="40 kilotons"/>
    <set_variable name="report_score" value="1"/>
    <set_timer name="report_timer" seconds="8"/>
    <log text="Enemy  Hunter[4] destroyed"/>
  </event>
</mission_data>