<mission_data version="1.0">
  <mission_description>  Multiplayer mission with Jump drive ships. Capture the most eggs by towing them to your station. Eggs can only be towed at impulse. Comms Button at start of mission must be pressed to join game. </mission_description>
  <start>
    <set_variable name="fromjson" value="5"/>
    <set_variable name="fromxml" value="67"/>
  </start>
</mission_data>