<mission_data version="1.0">
  <mission_description>  Multiplayer mission with Jump drive ships. Capture the most eggs by towing them to your station. Eggs can only be towed at impulse. Comms Button at start of mission must be pressed to join game. </mission_description>
  <start>
    <big-message/>
    <big-message title="Hello, Javascript"/>
    <big-message title="inline Hello, Javascript"/>
    <big-message title="Instance Hello, Plugin"/>
    <big-message title="Property Hello, property"/>
    <big-message title="function Hello, Function"/>
  </start>
</mission_data>