<mission_data version="1.0">
  <mission_description>  Multiplayer mission with Jump drive ships. Capture the most eggs by towing them to your station. Eggs can only be towed at impulse. Comms Button at start of mission must be pressed to join game. </mission_description>
  <start>
    <big_message title="Indirect" subtitle1="Import"/>
    <big_message title="Indirect" subtitle1="Import"/>
    <big_message title="Indirect" subtitle1="Import1"/>
    <big_message title="Indirect" subtitle1="Import"/>
  </start>
</mission_data>