<mission_data version="1.0">
  <start>
    <set_variable name="Anomaly[1]" value="150"/>
    <set_variable name="Anomaly[1]" value="30"/>
    <set_variable name="health" value="5"/>
    <set_variable name="health" value="6"/>
  </start>
</mission_data>