<mission_data>
  <start>
    <create type="neutral" x="9660.0" y="0.0" z="93234.0" angle="213.7" name="Phoenix" raceKeys="Terran friendly" hullKeys="medium Destroyer"/>
    <set_special name="Phoenix" ship="1.0" captain="1.0"/>
    <set_variable name="Phoenix" value="0" integer="yes"/>
    <create type="neutral" x="99440.0" y="0.0" z="93234.0" angle="213.7" name="Moscow" raceKeys="Terran friendly" hullKeys="medium Destroyer"/>
    <set_special name="Moscow" ship="1.0" captain="1.0"/>
    <set_variable name="Moscow" value="0" integer="yes"/>
  </start>
  <event name="Phoenix Destroyed">
    <if_variable name="Phoenix_surrendered" comparator="EQUALS" value="0"/>
    <if_variable name="Phoenix_dead" comparator="EQUALS" value="0"/>
    <if_not_exists name="Phoenix"/>
    <set_variable name="Phoenix_dead" value="1"/>
    <set_variable name="report_score" value="1"/>
    <set_timer name="report_timer" seconds="8"/>
    <set_variable name="Tonnage" value="Tonnage+-30"/>
    <big_message title="Terran Destroyer Phoenix destroyed" subtitle1="Penalty -30 kilotons" subtitle2=""/>
    <set_variable name="report_score" value="1"/>
    <set_timer name="report_timer" seconds="8"/>
    <log text="Terran Destroyer Phoenix destroyed"/>
  </event>
  <event name="Phoenix Broke">
    <if_timer_finished name="credits_timer1"/>
    <if_variable name="Phoenix" comparator="EQUALS" value="0"/>
    <set_object_property property="topSpeed" value="0.0" name="Phoenix"/>
    <set_object_property property="turnRate" value="0.0" name="Phoenix"/>
    <set_object_property name="Phoenix" property="systemDamageImpulse" value="1"/>
    <set_ship_text name="Phoenix" class="Fast Destroyer" hailtext="Engine malfunction! We can't move until you bring us Damage Control Teams."/>
    <incoming_comms_text from="Starship Phoenix">
    Our propulsion and steering are broken, Artemis. To rescue us you must rendezvous with us and send over a full set of Damage Control teams.
        </incoming_comms_text>
    <set_variable name="Phoenix" value="1"/>
    <clear_comms_button text="Request Score Report"/>
    <clear_comms_button text="Request Cargo Report"/>
    <set_comms_button text="Request Score Report" sideValue="2" player_slot="0"/>
    <set_comms_button text="Request Cargo Report" sideValue="2" player_slot="0"/>
  </event>
  <event name="Phoenix Fixed">
    <if_distance name1="Artemis" name2="Phoenix" comparator="LESS" value="500"/>
    <if_variable name="Phoenix" comparator="EQUALS" value="1"/>
    <if_damcon_members team_index="0" comparator="GREATER" value="1"/>
    <if_damcon_members team_index="1" comparator="GREATER" value="1"/>
    <if_damcon_members team_index="2" comparator="GREATER" value="1"/>
    <set_damcon_members team_index="0" value="0"/>
    <set_damcon_members team_index="1" value="0"/>
    <set_damcon_members team_index="2" value="0"/>
    <set_variable name="Phoenix" value="2"/>
    <set_object_property property="topSpeed" value="1.3" name="Phoenix"/>
    <set_object_property property="turnRate" value="1/100" name="Phoenix"/>
    <set_object_property name="Phoenix" property="systemDamageImpulse" value="0"/>
    <incoming_comms_text from="Starship Phoenix">
  Thanks, for repairing our ship Artemis. We are ready for your orders. You should dock at a base to get new Damage Control Teams.
        </incoming_comms_text>
    <set_ship_text name="Phoenix" hailtext="We are ready to obey your orders, Artemis!"/>
    <warning_popup_message message="All Damage Control Teams transferred to Phoenix." consoles="E"/>
    <add_ai type="FOLLOW_COMMS_ORDERS" name="Phoenix"/>
  </event>
  <event name="Moscow Destroyed">
    <if_variable name="Moscow_surrendered" comparator="EQUALS" value="0"/>
    <if_variable name="Moscow_dead" comparator="EQUALS" value="0"/>
    <if_not_exists name="Moscow"/>
    <set_variable name="Moscow_dead" value="1"/>
    <set_variable name="report_score" value="1"/>
    <set_timer name="report_timer" seconds="8"/>
    <set_variable name="Tonnage" value="Tonnage+-30"/>
    <big_message title="Terran Destroyer Moscow destroyed" subtitle1="Penalty -30 kilotons" subtitle2=""/>
    <set_variable name="report_score" value="1"/>
    <set_timer name="report_timer" seconds="8"/>
    <log text="Terran Destroyer Moscow destroyed"/>
  </event>
  <event name="Moscow Broke">
    <if_variable name="Minutes" comparator="EQUALS" value="47"/>
    <if_variable name="Moscow" comparator="EQUALS" value="0"/>
    <set_object_property property="topSpeed" value="0.0" name="Moscow"/>
    <set_object_property property="turnRate" value="0.0" name="Moscow"/>
    <set_object_property name="Moscow" property="systemDamageImpulse" value="1"/>
    <set_ship_text name="Moscow" class="Fast Destroyer" hailtext="Engine malfunction! We can't move until you bring us Damage Control Teams."/>
    <incoming_comms_text from="Starship Moscow">
    We've had a massive systems failure, Artemis. To rescue us you must rendezvous with us and send over a full set of Damage Control teams.
        </incoming_comms_text>
    <set_variable name="Moscow" value="1"/>
  </event>
  <event name="Moscow Fixed">
    <if_distance name1="Artemis" name2="Moscow" comparator="LESS" value="500"/>
    <if_variable name="Moscow" comparator="EQUALS" value="1"/>
    <if_damcon_members team_index="0" comparator="GREATER" value="1"/>
    <if_damcon_members team_index="1" comparator="GREATER" value="1"/>
    <if_damcon_members team_index="2" comparator="GREATER" value="1"/>
    <set_damcon_members team_index="0" value="0"/>
    <set_damcon_members team_index="1" value="0"/>
    <set_damcon_members team_index="2" value="0"/>
    <set_variable name="Moscow" value="2"/>
    <set_object_property property="topSpeed" value="1.3" name="Moscow"/>
    <set_object_property property="turnRate" value="1/100" name="Moscow"/>
    <set_object_property name="Moscow" property="systemDamageImpulse" value="0"/>
    <set_object_property name="Artemis" property="systemDamageImpulse" value="0"/>
    <incoming_comms_text from="Starship Moscow">
  Thanks, for repairing our ship Artemis. We are ready for your orders. You should dock at a base to get new Damage Control Teams.
        </incoming_comms_text>
    <set_ship_text name="Moscow" hailtext="We are ready to obey your orders, Artemis!"/>
    <warning_popup_message message="All Damage Control Teams transferred to Moscow." consoles="E"/>
    <add_ai type="FOLLOW_COMMS_ORDERS" name="Moscow"/>
  </event>
  
  
  
  
</mission_data>